........................................................................ [  9%]
........................................................................ [ 18%]
........................................................................ [ 28%]
........................................................................ [ 37%]
........................................................................ [ 46%]
........................................................................ [ 56%]
........................................................................ [ 65%]
........................................................................ [ 75%]
........................................................................ [ 84%]
........................................................................ [ 93%]
..............................................                           [100%]
============================== slowest durations ===============================
4.01s call     tests/test_v04_anti_token_extraction.py::test_R14_shutdown_via_context_manager
2.01s call     tests/test_v04_anti_token_extraction.py::test_timeout_kills_child_cleanly
1.01s call     tests/capt_runtime/test_hermes_driver.py::test_timeout_budget_fails_closed
0.53s call     tests/test_v04_anti_token_extraction.py::test_compress_returns_safe_shape_no_raw_credentials
0.43s call     tests/test_v04_cli.py::test_cli_validate_review_approve_publish
0.32s call     tests/test_v04_anti_token_extraction.py::test_detect_preserved_deprecated
0.32s call     tests/test_v04_cli.py::test_cli_bubble_lifecycle
0.32s call     tests/test_v03_integration.py::test_restart_recovery_across_processes
0.32s call     tests/test_v04_anti_token_extraction.py::test_end_to_end_compress_real_upstream
0.32s call     tests/test_v04_cli.py::test_cli_cap_verify_prove_govern
0.32s call     tests/test_v03_integration.py::test_cli_session_flow
0.31s call     tests/test_v04_anti_token_extraction.py::test_return_shape_no_bytes_metadata
0.31s call     tests/test_v04_anti_token_extraction.py::test_no_request_writes_payload_state
0.31s call     tests/test_v04_anti_token_extraction.py::test_R12_process_isolation_parent_does_not_import_core
0.30s call     tests/test_v04_anti_token_extraction.py::test_R9_protocol_compatibility_real_mcp
0.22s call     tests/test_v04_cli.py::test_cli_curate_and_audit
0.21s setup    tests/capt_runtime/test_desktop_m0.py::test_projection_contains_all_m0_panels
0.21s setup    tests/capt_runtime/test_desktop_m0.py::test_read_only_does_not_advance_ledger
0.21s setup    tests/capt_runtime/test_desktop_m0.py::test_disconnect_reconnect_no_duplicate_execution
0.21s setup    tests/capt_runtime/test_desktop_m0.py::test_forged_command_identity_is_rejected_without_mutation
0.21s setup    tests/capt_runtime/test_desktop_m0.py::test_second_service_refuses_live_socket_without_disrupting_first
0.21s setup    tests/capt_runtime/test_desktop_m0.py::test_unauthenticated_ipc_rejected
0.21s setup    tests/capt_runtime/test_desktop_m0.py::test_checkpoint_is_idempotent_and_resume_is_read_only
0.21s call     tests/test_khsb.py::test_request_timeout
0.20s setup    tests/capt_runtime/test_desktop_m0.py::test_authenticated_connect_and_identity
0.12s call     tests/test_v04_cli.py::test_cli_skill_inspect
0.12s call     tests/test_v04_cli.py::test_cli_list_skills
0.11s call     tests/test_v04_cli.py::test_cli_capabilities
0.11s call     tests/test_v03_integration.py::test_cli_retrieval_reset
0.11s call     tests/test_v04_cli.py::test_cli_candidates_empty
0.11s call     tests/test_v03_integration.py::test_cli_memory_list_json
0.11s call     tests/test_v03_integration.py::test_cli_prospective_resolve
0.10s call     tests/test_v04_cli.py::test_cli_unknown_action
0.09s call     tests/capt_runtime/test_desktop_m0.py::test_second_service_refuses_live_socket_without_disrupting_first
0.07s call     tests/capt_runtime/test_replay.py::test_two_process_restart
0.06s call     tests/capt_runtime/test_contracts.py::test_generation_reproducible
0.06s setup    tests/capt_runtime/test_desktop_m1_adversarial.py::test_fake_verification_query_is_read_only
0.06s setup    tests/capt_runtime/test_desktop_m1_adversarial.py::test_invalid_session_rejected
0.06s setup    tests/capt_runtime/test_desktop_m1_security.py::test_duplicate_create_mission
0.06s setup    tests/capt_runtime/test_desktop_m1_security.py::test_expired_approval_refused
0.06s setup    tests/capt_runtime/test_desktop_m1_security.py::test_operator_spoofing_rejected
0.06s setup    tests/capt_runtime/test_desktop_m1_security.py::test_conflicting_approval_second_terminal
0.06s setup    tests/capt_runtime/test_memory_trigger_desktop.py::test_reconnect_preserves_effective_policy
0.06s setup    tests/capt_runtime/test_desktop_m1_adversarial.py::test_cancellation_without_authority_rejected
0.06s setup    tests/capt_runtime/test_desktop_m1_security.py::test_stale_approval_already_decided
0.06s setup    tests/capt_runtime/test_memory_trigger_desktop.py::test_policy_denial_displayed
0.06s setup    tests/capt_runtime/test_desktop_m1.py::test_create_mission_real_command
0.06s call     tests/capt_runtime/test_desktop_m1_adversarial.py::test_render_labels_authoritative_vs_untrusted
0.06s setup    tests/capt_runtime/test_desktop_m1.py::test_deny_prevents_execution
0.06s call     tests/capt_runtime/test_desktop_m1_security.py::test_unauthenticated_command_rejected
0.06s setup    tests/capt_runtime/test_memory_trigger_desktop.py::test_invalid_value_rejected
0.06s setup    tests/capt_runtime/test_desktop_m1_adversarial.py::test_approval_for_nonexistent_request_not_found
0.06s setup    tests/capt_runtime/test_desktop_m1.py::test_approve_permits_bounded_execution
0.06s setup    tests/capt_runtime/test_memory_trigger_desktop.py::test_ui_cannot_bypass_runtime_validation
0.06s setup    tests/capt_runtime/test_desktop_m1.py::test_duplicate_create_is_idempotent
0.06s call     tests/capt_runtime/test_desktop_m1_security.py::test_render_labels_untrusted_separately
0.06s call     tests/capt_runtime/test_desktop_m1_adversarial.py::test_unauthenticated_command_rejected
0.06s setup    tests/capt_runtime/test_desktop_m1_security.py::test_approval_scope_widening_rejected
0.06s setup    tests/capt_runtime/test_desktop_m1_security.py::test_duplicate_cancellation
0.06s setup    tests/capt_runtime/test_desktop_m1_adversarial.py::test_desktop_cannot_inject_event_envelope
0.06s setup    tests/capt_runtime/test_desktop_m1_security.py::test_duplicate_approval
0.06s setup    tests/capt_runtime/test_desktop_m1.py::test_reconnect_reconstructs_state
0.06s setup    tests/capt_runtime/test_desktop_m1.py::test_operator_spoofing_rejected
0.06s setup    tests/capt_runtime/test_desktop_m1_adversarial.py::test_desktop_cannot_mutate_database_directly
0.06s call     tests/capt_runtime/test_contracts.py::test_drift_check_clean
0.06s setup    tests/capt_runtime/test_desktop_m1_security.py::test_schema_mismatch_rejected
0.05s setup    tests/capt_runtime/test_desktop_m1_adversarial.py::test_operator_id_spoofing_rejected
0.05s setup    tests/capt_runtime/test_desktop_m1.py::test_cancel_driver_run
0.05s setup    tests/capt_runtime/test_memory_trigger_desktop.py::test_operator_changes_trigger_by_one_32k_step
0.05s call     tests/capt_runtime/test_session_lifecycle.py::test_fresh_process_recovers_checkpointed_session
0.04s call     tests/capt_runtime/test_desktop_m0.py::test_read_only_does_not_advance_ledger
0.03s call     tests/capt_runtime/test_desktop_m0.py::test_disconnect_reconnect_no_duplicate_execution
0.03s call     tests/capt_runtime/test_hermes_driver.py::test_real_hermes_identity_probe
0.02s call     tests/capt_runtime/test_contracts.py::test_cross_language_fixture_parity
0.02s call     tests/test_v04_workflow_proof.py::test_duplicate_component_evidence_not_double_counted
0.02s call     tests/test_v04_anti_token_extraction.py::test_R8_error_normalization
0.01s call     tests/capt_runtime/test_desktop_m0.py::test_projection_contains_all_m0_panels
0.01s call     tests/test_v02_integration.py::test_export_import_preserves_graph
0.01s setup    tests/test_v03_sessions.py::test_session_begin_and_status
0.01s call     tests/test_v03_migration.py::test_v3_export_import_roundtrip
0.01s call     tests/test_migration.py::test_v1_to_v2_export_import_roundtrip
0.01s setup    tests/test_memory.py::test_store_and_get
0.01s call     tests/test_v04_plugin.py::test_generate_and_publish_skill
0.01s call     tests/test_v04_migration.py::test_v4_tables_functional_after_migration
0.01s call     tests/test_v04_release_scenarios.py::test_scenario_bubble_quarantined
0.01s call     tests/test_v04_workflow_proof.py::test_incompatible_outputs_block_validation
0.01s call     tests/capt_runtime/test_hermes_driver.py::test_hermes_driver_absent_does_not_break_reference_scenario
0.01s call     tests/test_v04_release_scenarios.py::test_scenario_workflow_independent
0.01s call     tests/test_v04_migration.py::test_backup_created_and_valid
0.01s setup    tests/test_memory.py::test_store_empty_content_raises
0.01s call     tests/capt_runtime/test_m0b_driver.py::test_repository_hashes_unchanged
0.01s call     tests/test_v04_curator.py::test_curate_detects_duplicate
0.01s call     tests/capt_runtime/test_m0b_driver.py::test_m0b_read_only_acceptance_scenario
0.01s setup    tests/test_v02_integration.py::test_engine_mark_superseded_with_by
0.01s setup    tests/test_memory.py::test_store_bad_confidence_raises
0.01s call     tests/capt_runtime/test_desktop_m1_security.py::test_duplicate_cancellation
0.01s call     tests/test_v04_workflow_proof.py::test_workflow_proof_independent_of_components
0.01s call     tests/test_v03_integration.py::test_plugin_session_begin_and_resume
0.01s call     tests/test_api.py::test_api_health
0.01s call     tests/test_v04_curator.py::test_curate_detects_overlap
0.01s setup    tests/test_v04_curator.py::test_curate_empty
0.01s call     tests/test_plugin.py::test_capt_import_project
0.01s setup    tests/test_memory.py::test_update_fields
0.01s call     tests/test_v04_release_scenarios.py::test_scenario_migrated_v3
0.01s call     tests/test_v03_integration.py::test_plugin_prospective_and_resolve
0.01s call     tests/test_plugin_v02.py::test_capt_add_memory_relation
0.01s call     tests/test_v04_curator.py::test_recommend_structure
0.01s call     tests/test_v04_plugin.py::test_query_capability
0.01s setup    tests/test_v03_sessions.py::test_restart_packet_fidelity
0.01s setup    tests/test_v03_integration.py::test_context_build_excludes_archived
0.01s call     tests/test_v03_integration.py::test_plugin_promote_memory
0.01s call     tests/test_plugin_v02.py::test_capt_add_memory_relation_bad_type
0.01s setup    tests/test_v04_foundry.py::test_skill_pipeline_public_api
0.01s call     tests/test_plugin_v02.py::test_capt_build_context
0.01s call     tests/test_plugin_v02.py::test_capt_detect_memory_conflicts
0.01s call     tests/test_v03_integration.py::test_plugin_create_and_get_procedure
0.01s setup    tests/test_v02_csg.py::test_build_context_budget_enforcement
0.01s setup    tests/test_v04_foundry.py::test_proof_aggregation_satisfied
0.01s call     tests/test_plugin.py::test_capt_export_project
0.01s call     tests/test_v04_foundry.py::test_skill_pipeline_public_api
0.01s call     tests/test_v04_plugin.py::test_build_and_install_bubble
0.01s call     tests/test_v02_integration.py::test_full_restart_recovery
0.01s call     tests/test_plugin_v02.py::test_capt_compress_memory
0.01s call     tests/test_v03_integration.py::test_khsb_memory_promoted_event
0.01s setup    tests/test_v04_foundry.py::test_bubble_export_excludes_private
0.01s call     tests/test_v04_release_scenarios.py::test_scenario_restart_no_extra_backup
0.01s setup    tests/test_v04_foundry.py::test_roundtrip_capability_json_columns
0.01s setup    tests/test_v03_lifecycle.py::test_pinned_is_protected_from_decay
0.01s setup    tests/test_v04_foundry.py::test_claimguard_language_per_state
0.01s call     tests/test_plugin_v02.py::test_capt_explain_context
0.01s setup    tests/test_v04_foundry.py::test_governance_publish_generates_receipt
0.01s setup    tests/test_v04_foundry.py::test_proof_aggregation_unsatisfied
0.01s setup    tests/test_v04_foundry.py::test_bubble_validate_then_approve_then_install
0.01s call     tests/test_v04_plugin.py::test_inspect_proof
0.01s setup    tests/test_v04_foundry.py::test_validated_not_reported_as_verified
0.01s call     tests/test_migration.py::test_migration_backup_before_not_required_but_safe
0.01s setup    tests/test_v04_foundry.py::test_harness_blocks_on_unsafe_permission
0.01s setup    tests/test_v04_foundry.py::test_expired_evidence_cannot_verify
0.01s setup    tests/test_v04_curator.py::test_curate_detects_duplicate
0.01s setup    tests/test_v04_degradation.py::test_scoped_degradation_language_macos_not_global
0.01s setup    tests/test_v04_foundry.py::test_claimguard_detects_unproofed_claim
0.01s call     tests/test_v04_migration.py::test_migration_idempotent
0.01s call     tests/test_v04_migration.py::test_backup_filename_unique
0.01s setup    tests/test_v04_workflow_proof.py::test_permission_escalation_surfaced
0.01s setup    tests/test_v03_sessions.py::test_session_checkpoint_persists
0.01s setup    tests/test_v04_foundry.py::test_skill_cannot_create_from_unverified_procedure
0.01s setup    tests/test_v04_foundry.py::test_skill_cannot_publish_without_approval
0.01s setup    tests/test_v04_degradation.py::test_degrade_records_structured_record
0.01s call     tests/test_plugin.py::test_capt_get_memory
0.01s setup    tests/test_v04_foundry.py::test_roundtrip_skill_json_columns
0.01s setup    tests/test_v02_csg.py::test_csg_add_edge_valid
0.01s setup    tests/test_v04_foundry.py::test_verify_is_idempotent
0.01s setup    tests/test_v04_curator.py::test_curate_detects_missing_verify
0.01s setup    tests/test_memory.py::test_backup_and_restore
0.01s call     tests/test_v03_integration.py::test_plugin_retrieval_feedback
0.01s setup    tests/test_v04_curator.py::test_curate_detects_unsafe_permission
0.01s setup    tests/test_memory.py::test_import_missing_file_raises
0.01s setup    tests/test_v04_foundry.py::test_out_of_scope_evidence_cannot_verify
0.01s call     tests/test_memory.py::test_export_import_roundtrip
0.01s setup    tests/test_v03_sessions.py::test_session_checkpoint_immutable
0.01s setup    tests/test_v04_foundry.py::test_govern_approve_requires_distinct_event
0.01s setup    tests/test_v04_foundry.py::test_harness_12_stages
0.01s setup    tests/test_v04_foundry.py::test_composition_requires_published_skills
0.01s setup    tests/test_v03_prospective.py::test_prospective_surfacing_at_bootstrap
0.01s setup    tests/test_v02_csg.py::test_pipeline_rejects_exact_duplicate
0.01s setup    tests/test_v04_workflow_proof.py::test_workflow_proof_independent_of_components
0.01s setup    tests/test_v03_sessions.py::test_session_close
0.01s call     tests/test_plugin.py::test_capt_health
0.01s setup    tests/test_v04_degradation.py::test_unknown_reason_rejected
0.01s setup    tests/test_v04_curator.py::test_curate_detects_obsolete
0.01s setup    tests/test_v04_workflow_proof.py::test_component_revocation_degrades_workflow
0.01s call     tests/test_v03_integration.py::test_khsb_session_events_emitted
0.01s setup    tests/test_v03_feedback.py::test_record_feedback
0.01s setup    tests/test_v03_sessions.py::test_interruption_detection
0.01s call     tests/test_v04_release_scenarios.py::test_scenario_degradation_scoped_language
0.01s setup    tests/test_v04_curator.py::test_recommend_structure
0.01s setup    tests/test_v03_lifecycle.py::test_store_accepts_tier_and_state
0.01s setup    tests/test_v03_lifecycle.py::test_retention_policy_bad_class
0.01s setup    tests/test_v04_foundry.py::test_bubble_cannot_install_without_approval
0.01s setup    tests/test_v04_degradation.py::test_degradation_persists_across_reload
0.01s call     tests/test_plugin.py::test_capt_search_memory
0.01s setup    tests/test_v04_degradation.py::test_security_revoked_moves_to_revoked
0.01s setup    tests/test_v03_lifecycle.py::test_archive_and_restore
0.01s setup    tests/test_v02_edge.py::test_csg_find_path_max_depth_exceeded
0.01s setup    tests/test_v02_integration.py::test_build_context_with_conflicts_and_exclusions
0.01s setup    tests/test_v03_lifecycle.py::test_reject_candidate
0.01s call     tests/test_plugin.py::test_capt_get_memory_missing
0.01s setup    tests/test_v04_workflow_proof.py::test_incompatible_outputs_block_validation
0.01s setup    tests/test_v04_workflow_proof.py::test_workflow_lifecycle_states
0.01s setup    tests/test_memory.py::test_update_missing_raises
0.01s setup    tests/test_v03_lifecycle.py::test_decay_affects_ranking_not_data
0.01s setup    tests/test_v04_foundry.py::test_duplicate_evidence_not_counted_twice
0.01s call     tests/test_v03_migration.py::test_repeat_migration_idempotent
0.01s setup    tests/test_v03_lifecycle.py::test_evaluate_promotion_explains_missing_evidence
0.01s setup    tests/test_v03_lifecycle.py::test_promote_requires_evidence
0.01s setup    tests/test_v03_lifecycle.py::test_default_tier_and_state
0.01s setup    tests/test_v03_sessions.py::test_session_abandon
0.01s call     tests/test_plugin_v02.py::test_capt_memory_pipeline_status
0.01s setup    tests/test_v04_curator.py::test_curate_detects_overlap
0.01s call     tests/test_plugin.py::test_capt_store_memory
0.01s call     tests/test_v04_plugin.py::test_verify_claim_downgrades
0.01s setup    tests/test_v03_sessions.py::test_manager_session_begin_with_ctp
0.01s setup    tests/test_v03_integration.py::test_ctp_rollback_on_failure
0.01s setup    tests/test_v04_foundry.py::test_govern_approve_rejects_unproven
0.01s setup    tests/test_v03_procedures.py::test_procedure_revision_never_overwrites_prior
0.01s setup    tests/test_v02_integration.py::test_engine_mark_superseded_missing
0.01s setup    tests/test_v03_lifecycle.py::test_retention_policy_set_get
0.01s setup    tests/test_v04_foundry.py::test_bubble_import_quarantined
0.01s call     tests/test_v03_migration.py::test_migration_backup_created
0.01s setup    tests/test_v03_lifecycle.py::test_restore_only_from_archived_or_expired
0.01s setup    tests/test_v03_lifecycle.py::test_transition_does_not_change_trust
0.01s setup    tests/test_v02_integration.py::test_engine_record_resolve_conflict_full
0.01s call     tests/test_v04_release_scenarios.py::test_scenario_clean_home
0.01s setup    tests/test_memory.py::test_restore_missing_raises
0.01s setup    tests/test_v02_integration.py::test_engine_list_conflicts_all
0.01s setup    tests/test_v02_csg.py::test_csg_remove_edge
0.01s call     tests/test_v04_migration.py::test_fresh_db_migrates_to_v4
0.01s setup    tests/test_v03_lifecycle.py::test_valid_transition_records_history
0.01s setup    tests/test_v03_procedures.py::test_procedure_runs_query
0.01s setup    tests/test_v03_integration.py::test_ctp_promote_idempotent
0.01s setup    tests/test_v03_procedures.py::test_procedure_list_filter
0.01s setup    tests/test_v03_feedback.py::test_explain_weight_change
0.01s setup    tests/test_v03_sessions.py::test_open_transaction_detection
0.01s setup    tests/test_v03_procedures.py::test_procedure_versioning
0.01s setup    tests/test_v04_workflow_proof.py::test_rollback_incompatibility_blocks_publication
0.01s setup    tests/test_v03_sessions.py::test_session_consolidation
0.01s setup    tests/test_v03_lifecycle.py::test_promote_to_pinned_requires_user
0.01s setup    tests/test_v02_integration.py::test_build_context_include_superseded
0.01s setup    tests/test_v03_sessions.py::test_resume_after_restart
0.01s setup    tests/test_v04_degradation.py::test_global_degradation_language
0.01s setup    tests/test_v03_lifecycle.py::test_pin_requires_user_actor
0.01s setup    tests/test_v02_csg.py::test_engine_merge
0.01s setup    tests/test_v02_integration.py::test_build_context_char_budget_excludes
0.01s setup    tests/test_memory.py::test_import_bad_format_raises
0.01s setup    tests/test_v03_lifecycle.py::test_promote_with_valid_evidence
0.01s setup    tests/test_v03_lifecycle.py::test_no_silent_deletion
0.01s setup    tests/test_v02_integration.py::test_pipeline_transition_and_explain
0.01s setup    tests/test_v03_prospective.py::test_prospective_blocked_and_ready
0.01s setup    tests/test_memory.py::test_search_basic
0.01s setup    tests/test_v02_csg.py::test_engine_record_resolve_conflict
0.01s setup    tests/test_v02_csg.py::test_csg_superseded_penalty
0.01s setup    tests/test_v02_csg.py::test_csg_find_path
0.01s setup    tests/test_v03_procedures.py::test_procedure_not_promoted_by_repetition_alone
0.01s setup    tests/test_v03_sessions.py::test_session_list
0.01s setup    tests/test_v03_procedures.py::test_procedure_record_run_failure
0.01s setup    tests/test_memory.py::test_delete
0.01s setup    tests/test_v03_procedures.py::test_procedure_candidate_extraction_missing_fields
0.01s setup    tests/test_v02_csg.py::test_pipeline_detects_conflict
0.01s setup    tests/test_v03_prospective.py::test_prospective_resolve
0.01s setup    tests/test_v03_prospective.py::test_prospective_cancelled
0.01s setup    tests/test_v03_lifecycle.py::test_promote_by_repetition_alone_rejected
0.01s setup    tests/test_v03_feedback.py::test_feedback_does_not_promote_or_delete
0.01s setup    tests/test_v02_csg.py::test_pipeline_rejects_secret
0.01s setup    tests/test_v03_lifecycle.py::test_invalid_transition_fails
0.01s call     tests/test_v04_plugin.py::test_tool_error_is_dict_not_exception
0.01s setup    tests/test_v03_prospective.py::test_prospective_list_filters
0.01s call     tests/test_v02_integration.py::test_plugin_capt_add_relation_missing_memory
0.01s setup    tests/test_v02_csg.py::test_engine_find_duplicates
0.01s setup    tests/test_v02_csg.py::test_pipeline_rejects_empty
0.01s call     tests/test_v02_integration.py::test_plugin_capt_detect_conflicts_missing
0.01s setup    tests/test_v03_prospective.py::test_prospective_expire
0.01s setup    tests/test_v03_procedures.py::test_procedure_record_run_success
0.01s setup    tests/test_v03_procedures.py::test_procedure_create
0.01s setup    tests/test_memory.py::test_integrity_check
0.01s setup    tests/test_v02_csg.py::test_pipeline_trust_transition_invalid
0.01s setup    tests/test_v04_workflow_proof.py::test_duplicate_component_evidence_not_double_counted
0.01s call     tests/test_plugin_v02.py::test_capt_review_memory_conflicts
0.01s setup    tests/test_v03_feedback.py::test_adaptation_reset
0.01s setup    tests/test_v03_feedback.py::test_no_cross_project_contamination
0.01s setup    tests/test_v02_integration.py::test_pipeline_explain_after_build
0.01s call     tests/test_v02_integration.py::test_plugin_capt_build_context_empty
0.01s setup    tests/test_v03_feedback.py::test_feedback_does_not_mutate_trust
0.01s setup    tests/test_v02_csg.py::test_csg_set_weights
0.01s call     tests/test_v02_integration.py::test_plugin_capt_explain_empty
0.01s setup    tests/test_v02_csg.py::test_engine_mark_superseded
0.01s setup    tests/test_v02_integration.py::test_engine_find_path_none
0.01s setup    tests/test_memory.py::test_set_search_adapter
0.01s setup    tests/test_v02_edge.py::test_csg_select_context_with_intent_and_tx
0.01s setup    tests/test_v02_csg.py::test_pipeline_ingest_basic
0.01s setup    tests/test_v03_procedures.py::test_procedure_deprecate
0.01s setup    tests/test_v02_integration.py::test_build_context_token_budget
0.01s setup    tests/test_memory.py::test_search_namespace_filter
0.01s setup    tests/test_v02_integration.py::test_engine_merge_missing
0.01s setup    tests/test_v02_csg.py::test_csg_find_path_none
0.01s call     tests/test_v04_plugin.py::test_export_bubble_excludes_private
0.01s setup    tests/test_v03_prospective.py::test_prospective_surfacing_at_session_begin
0.01s call     tests/test_plugin.py::test_capt_import_project_missing_file
0.01s setup    tests/test_v03_lifecycle.py::test_transition_missing_memory
0.01s setup    tests/test_v03_procedures.py::test_procedure_build_execution_context
0.01s setup    tests/test_v02_csg.py::test_csg_add_edge_invalid_type
0.01s setup    tests/test_v02_csg.py::test_build_context_basic
0.01s setup    tests/test_v03_feedback.py::test_bounded_weight_update
0.01s setup    tests/test_v02_csg.py::test_engine_add_relation_and_neighbors
0.01s setup    tests/test_v02_csg.py::test_engine_find_path
0.01s call     tests/test_v02_integration.py::test_plugin_capt_review_conflicts_empty
0.01s setup    tests/test_v02_edge.py::test_csg_select_context_budget_excludes
0.01s setup    tests/test_memory.py::test_list_namespace_and_tags
0.01s setup    tests/test_v02_edge.py::test_pipeline_rollback_on_persistence_error
0.01s setup    tests/test_memory.py::test_search_tag_filter
0.01s setup    tests/test_v02_csg.py::test_pipeline_emits_khsb_events
0.01s setup    tests/test_v03_prospective.py::test_prospective_create_pending
0.01s setup    tests/test_v02_integration.py::test_engine_add_remove_relation
0.01s setup    tests/test_memory.py::test_export_import_roundtrip
0.01s setup    tests/test_v02_csg.py::test_build_context_explains_all_selected
0.01s setup    tests/test_v02_csg.py::test_pipeline_trust_transition
0.01s setup    tests/test_v02_csg.py::test_csg_select_explanation
0.01s call     tests/test_plugin_v02.py::test_capt_compress_memory_missing
0.01s setup    tests/test_v02_edge.py::test_pipeline_emit_events_disabled
0.01s setup    tests/test_v02_integration.py::test_engine_merge_and_alias
0.01s setup    tests/test_v02_csg.py::test_csg_detect_conflicts
0.01s setup    tests/test_v02_edge.py::test_csg_explain_selection_empty
0.01s setup    tests/test_v02_csg.py::test_csg_select_context_deterministic
0.01s call     tests/test_migration.py::test_v1_to_v2_migration_idempotent
0.01s call     tests/test_migration.py::test_v1_to_v2_migration_creates_tables
0.01s call     tests/test_v03_migration.py::test_v1_to_v3_migration_creates_all_tables
0.01s call     tests/test_v04_foundry.py::test_proof_aggregation_unsatisfied
0.01s call     tests/capt_runtime/test_desktop_m1_security.py::test_duplicate_approval
0.01s call     tests/test_v03_migration.py::test_v2_to_v3_migration
0.01s call     tests/capt_runtime/test_desktop_m1_security.py::test_conflicting_approval_second_terminal
0.01s call     tests/capt_runtime/test_replay.py::test_duplicate_event_tolerance
0.01s call     tests/capt_runtime/test_replay.py::test_full_replay
0.01s call     tests/capt_runtime/test_desktop_m1_security.py::test_stale_approval_already_decided
0.01s call     tests/capt_runtime/test_desktop_m1.py::test_cancel_driver_run

(1975 durations < 0.005s hidden.  Use -vv to show these durations.)
766 passed, 12 deselected in 19.44s
