=== 2026-08-03T01:12:09Z ===
## schema generate
generate exit=0
## drift check
DRIFT CHECK: OK (11 generated files match the schema source)
drift exit=0
## mypy capt_runtime
/Applications/Xcode.app/Contents/Developer/usr/bin/python3: No module named mypy
mypy exit=1
## ruff
    |
help: Remove assignment to unused variable `pe`

Found 110 errors.
[*] 94 fixable with the `--fix` option (10 hidden fixes can be enabled with the `--unsafe-fixes` option).
ruff exit=1
## m0b tests
..........................................                               [100%]
42 passed in 0.10s
## full suite
...........ssssssssssssssssssssssssssssssssssssssssssss................. [ 85%]
........................................................................ [100%]
460 passed, 44 skipped in 4.84s
